src/pages/RolePlayChat/RolePlayChat.tsx(53,57): error TS2554: Expected 0 arguments, but got 2.
src/pages/VoiceTest.tsx(8,12): error TS6133: 'audioChunks' is declared but its value is never read.
src/services/api.ts(129,33): error TS6133: 'base64Audio' is declared but its value is never read.
src/services/api.ts(129,54): error TS6133: 'mimeType' is declared but its value is never read.
src/utils/googleTTS.ts(9,41): error TS2554: Expected 0 arguments, but got 2.
